cleared 0 retained topic(s)
== rep 1 10:56:48
[E1] N=1 ...
     frames=240 overruns=0 frame_p99=1.04ms jitter_p99=0.60ms core_cpu=0.5% tele_p99=0.90ms stale=0 dup=10
[E1] N=2 ...
     frames=240 overruns=0 frame_p99=0.53ms jitter_p99=1.04ms core_cpu=0.6% tele_p99=1.14ms stale=0 dup=19
[E1] N=5 ...
     frames=240 overruns=0 frame_p99=0.78ms jitter_p99=0.74ms core_cpu=1.1% tele_p99=1.36ms stale=0 dup=46
[E1] N=10 ...
     frames=240 overruns=0 frame_p99=2.25ms jitter_p99=1.65ms core_cpu=1.7% tele_p99=2.76ms stale=10 dup=94
[E1] N=25 ...
     frames=240 overruns=0 frame_p99=8.58ms jitter_p99=1.42ms core_cpu=3.7% tele_p99=5.06ms stale=2 dup=232
[E1] N=50 ...
     frames=240 overruns=0 frame_p99=14.24ms jitter_p99=0.88ms core_cpu=6.5% tele_p99=9.90ms stale=1 dup=487
[E1] N=75 ...
     frames=240 overruns=0 frame_p99=24.01ms jitter_p99=1.14ms core_cpu=9.8% tele_p99=21.66ms stale=56 dup=788
[E1] N=100 ...
     frames=240 overruns=0 frame_p99=54.60ms jitter_p99=1.56ms core_cpu=13.8% tele_p99=34.51ms stale=43 dup=1002
[E2] regulator=ON ...
     uplink=46.3 KiB/s (84 msg/s) tele_p99=2.63ms dup=94
[E2] regulator=OFF ...
     uplink=277.6 KiB/s (500 msg/s) tele_p99=3.09ms dup=12536
done
[E3] N=10 ...
     events=1039 lat p50=62ms p95=116ms p99=121ms max=123ms | frame_p99=1.29ms overruns=0
[E3] N=25 ...
     events=4172 lat p50=63ms p95=118ms p99=123ms max=127ms | frame_p99=5.43ms overruns=0
[E3] N=50 ...
     events=13404 lat p50=65ms p95=124ms p99=131ms max=148ms | frame_p99=14.83ms overruns=0
done
[E4] loss=0% regulator=ON ...
     pos RMSE=0.62 m  p99=1.48 m  max(stale)=0.00 m | hdg RMSE=0.5 deg | stale=0.0%
[E4] loss=5% regulator=ON ...
     pos RMSE=0.62 m  p99=1.48 m  max(stale)=1.99 m | hdg RMSE=0.7 deg | stale=5.1%
[E4] loss=10% regulator=ON ...
     pos RMSE=0.63 m  p99=1.49 m  max(stale)=2.95 m | hdg RMSE=0.5 deg | stale=9.4%
done
[E4] loss=0% regulator=OFF ...
     pos RMSE=0.18 m  p99=0.40 m  max(stale)=0.00 m | hdg RMSE=0.3 deg | stale=0.0%
[E4] loss=5% regulator=OFF ...
     pos RMSE=0.19 m  p99=0.46 m  max(stale)=0.00 m | hdg RMSE=0.3 deg | stale=0.0%
[E4] loss=10% regulator=OFF ...
     pos RMSE=0.20 m  p99=0.51 m  max(stale)=0.00 m | hdg RMSE=0.3 deg | stale=0.0%
done
[E5] N=0 ...
     cpu=0.1% of one core  peak RSS=22.9 MiB overruns=0
[E5] N=10 ...
     cpu=1.6% of one core  peak RSS=23.4 MiB overruns=0
[E5] N=50 ...
     cpu=6.3% of one core  peak RSS=24.2 MiB overruns=0
[E5] N=100 ...
     cpu=15.9% of one core  peak RSS=25.1 MiB overruns=0
done
== rep 2 11:11:06
[E1] N=1 ...
     frames=240 overruns=0 frame_p99=0.40ms jitter_p99=0.47ms core_cpu=0.5% tele_p99=0.89ms stale=0 dup=10
[E1] N=2 ...
     frames=240 overruns=0 frame_p99=0.67ms jitter_p99=0.45ms core_cpu=0.6% tele_p99=1.00ms stale=0 dup=18
[E1] N=5 ...
     frames=240 overruns=0 frame_p99=0.95ms jitter_p99=0.28ms core_cpu=1.0% tele_p99=1.12ms stale=0 dup=45
[E1] N=10 ...
     frames=240 overruns=0 frame_p99=1.00ms jitter_p99=0.35ms core_cpu=1.5% tele_p99=2.20ms stale=0 dup=91
[E1] N=25 ...
     frames=240 overruns=0 frame_p99=4.90ms jitter_p99=0.56ms core_cpu=3.2% tele_p99=5.04ms stale=0 dup=228
[E1] N=50 ...
     frames=240 overruns=0 frame_p99=15.35ms jitter_p99=0.40ms core_cpu=6.3% tele_p99=9.69ms stale=1 dup=486
[E1] N=75 ...
     frames=240 overruns=0 frame_p99=26.84ms jitter_p99=1.42ms core_cpu=9.1% tele_p99=25.44ms stale=40 dup=753
[E1] N=100 ...
     frames=240 overruns=0 frame_p99=43.19ms jitter_p99=1.52ms core_cpu=12.6% tele_p99=36.24ms stale=226 dup=1196
[E2] regulator=ON ...
     uplink=46.3 KiB/s (84 msg/s) tele_p99=2.30ms dup=94
[E2] regulator=OFF ...
     uplink=277.7 KiB/s (500 msg/s) tele_p99=1.80ms dup=12545
done
[E3] N=10 ...
     events=925 lat p50=61ms p95=116ms p99=121ms max=123ms | frame_p99=1.16ms overruns=0
[E3] N=25 ...
     events=3768 lat p50=63ms p95=118ms p99=123ms max=129ms | frame_p99=4.99ms overruns=0
[E3] N=50 ...
     events=13417 lat p50=64ms p95=122ms p99=129ms max=144ms | frame_p99=15.74ms overruns=0
done
[E4] loss=0% regulator=ON ...
