== extra 1 08:03:40
[E3] N=50 regulator=OFF ...
     events=13629 lat p50=18ms p95=34ms p99=50ms max=96ms | frame_p99=24.73ms overruns=0
done
== extra 2 08:04:26
[E3] N=50 regulator=OFF ...
     events=13704 lat p50=21ms p95=256ms p99=934ms max=1131ms | frame_p99=48.58ms overruns=0
done
== extra 3 08:05:13
[E3] N=50 regulator=OFF ...
     events=10552 lat p50=39ms p95=19484ms p99=23228ms max=24633ms | frame_p99=32.82ms overruns=0
done
== extra 4 08:05:59
[E3] N=50 regulator=OFF ...
     events=13566 lat p50=19ms p95=34ms p99=46ms max=67ms | frame_p99=15.00ms overruns=0
done
== extra 5 08:06:45
[E3] N=50 regulator=OFF ...
     events=12050 lat p50=21ms p95=2092ms p99=3082ms max=3240ms | frame_p99=17.15ms overruns=0
done
ALLDONE
