cleared 0 retained topic(s)
== rep 1 07:51:20
[E3] N=10 regulator=OFF ...
     events=1088 lat p50=11ms p95=20ms p99=20ms max=26ms | frame_p99=0.89ms overruns=0
[E3] N=25 regulator=OFF ...
     events=4197 lat p50=13ms p95=23ms p99=26ms max=30ms | frame_p99=7.02ms overruns=0
[E3] N=50 regulator=OFF ...
     events=13739 lat p50=18ms p95=34ms p99=45ms max=63ms | frame_p99=15.68ms overruns=0
done
== rep 2 07:53:38
[E3] N=10 regulator=OFF ...
     events=1059 lat p50=11ms p95=19ms p99=21ms max=23ms | frame_p99=1.09ms overruns=0
[E3] N=25 regulator=OFF ...
     events=4121 lat p50=13ms p95=24ms p99=27ms max=31ms | frame_p99=9.74ms overruns=0
[E3] N=50 regulator=OFF ...
     events=9177 lat p50=3446ms p95=26936ms p99=30812ms max=31712ms | frame_p99=17.80ms overruns=0
done
== rep 3 07:55:56
[E3] N=10 regulator=OFF ...
     events=1038 lat p50=12ms p95=21ms p99=23ms max=25ms | frame_p99=1.19ms overruns=0
[E3] N=25 regulator=OFF ...
     events=4307 lat p50=13ms p95=24ms p99=27ms max=36ms | frame_p99=7.37ms overruns=0
[E3] N=50 regulator=OFF ...
     events=13468 lat p50=18ms p95=31ms p99=40ms max=55ms | frame_p99=15.67ms overruns=0
done
== rep 4 07:58:14
[E3] N=10 regulator=OFF ...
     events=1055 lat p50=12ms p95=21ms p99=23ms max=27ms | frame_p99=1.13ms overruns=0
[E3] N=25 regulator=OFF ...
     events=4134 lat p50=14ms p95=25ms p99=28ms max=31ms | frame_p99=8.66ms overruns=0
[E3] N=50 regulator=OFF ...
     events=13364 lat p50=18ms p95=33ms p99=38ms max=52ms | frame_p99=13.69ms overruns=0
done
== rep 5 08:00:33
[E3] N=10 regulator=OFF ...
     events=1056 lat p50=13ms p95=21ms p99=22ms max=23ms | frame_p99=1.20ms overruns=0
[E3] N=25 regulator=OFF ...
     events=4405 lat p50=13ms p95=25ms p99=30ms max=51ms | frame_p99=7.71ms overruns=0
[E3] N=50 regulator=OFF ...
     events=13361 lat p50=20ms p95=35ms p99=49ms max=71ms | frame_p99=21.32ms overruns=0
done
ALLDONE
