== E6 repetition 1/5 (2026-09-29T16:43:35-03:00) ==
[E6] mission_dt N=10 ...
     core=1.5%/25.4MiB  agents=2.9%/29.2MiB  broker=0.3%/7.3MiB  total=4.7%/62.0MiB frames=240 overruns=0 rx_agents=10/10 min_rx=250
[E6] ros2 N=10 ...
     core=4.5%/69.6MiB  agents=3.8%/74.3MiB  total=8.3%/143.9MiB frames=241 overruns=0 rx_agents=10/10 min_rx=250
[E6] gazebo N=10 ...
     gz_sim=48.8%/146.4MiB  total=48.8%/146.4MiB RTF=0.999 odom_models=10/10
[E6] mission_dt N=50 ...
     core=5.9%/26.3MiB  agents=11.5%/49.7MiB  broker=1.3%/7.4MiB  total=18.6%/83.4MiB frames=241 overruns=0 rx_agents=50/50 min_rx=250
[E6] ros2 N=50 ...
     core=16.4%/75.2MiB  agents=13.4%/97.0MiB  total=29.8%/172.2MiB frames=240 overruns=0 rx_agents=50/50 min_rx=250
[E6] gazebo N=50 ...
     gz_sim=97.3%/263.5MiB  total=97.3%/263.5MiB RTF=0.723 odom_models=50/50
[E6] mission_dt N=100 ...
     core=13.6%/27.3MiB  agents=23.3%/75.1MiB  broker=2.8%/7.6MiB  total=39.7%/110.1MiB frames=240 overruns=0 rx_agents=100/100 min_rx=250
[E6] ros2 N=100 ...
     core=30.6%/82.6MiB  agents=23.3%/125.3MiB  total=53.8%/207.9MiB frames=240 overruns=0 rx_agents=100/100 min_rx=250
[E6] gazebo N=100 ...
     gz_sim=97.3%/410.1MiB  total=97.3%/410.1MiB RTF=0.334 odom_models=100/100
done
== E6 repetition 2/5 (2026-09-29T16:50:21-03:00) ==
[E6] mission_dt N=10 ...
     core=1.5%/25.4MiB  agents=2.9%/29.1MiB  broker=0.3%/7.3MiB  total=4.7%/61.9MiB frames=241 overruns=0 rx_agents=10/10 min_rx=250
[E6] ros2 N=10 ...
     core=4.6%/69.5MiB  agents=3.6%/74.2MiB  total=8.1%/143.8MiB frames=240 overruns=0 rx_agents=10/10 min_rx=250
[E6] gazebo N=10 ...
     gz_sim=47.2%/146.7MiB  total=47.2%/146.7MiB RTF=0.998 odom_models=10/10
[E6] mission_dt N=50 ...
     core=6.0%/26.2MiB  agents=11.7%/49.6MiB  broker=1.3%/7.4MiB  total=19.0%/83.2MiB frames=240 overruns=0 rx_agents=50/50 min_rx=250
[E6] ros2 N=50 ...
     core=25.7%/75.4MiB  agents=13.3%/97.1MiB  total=39.1%/172.5MiB frames=240 overruns=0 rx_agents=50/50 min_rx=249
[E6] gazebo N=50 ...
     gz_sim=97.3%/263.1MiB  total=97.3%/263.1MiB RTF=0.744 odom_models=50/50
[E6] mission_dt N=100 ...
     core=11.6%/27.4MiB  agents=21.4%/75.0MiB  broker=2.4%/7.6MiB  total=35.4%/110.0MiB frames=240 overruns=0 rx_agents=100/100 min_rx=250
[E6] ros2 N=100 ...
     core=31.2%/82.2MiB  agents=24.3%/125.4MiB  total=55.4%/207.6MiB frames=240 overruns=0 rx_agents=100/100 min_rx=250
[E6] gazebo N=100 ...
     gz_sim=97.1%/409.6MiB  total=97.1%/409.6MiB RTF=0.320 odom_models=100/100
done
== E6 repetition 3/5 (2026-09-29T16:57:01-03:00) ==
[E6] mission_dt N=10 ...
     core=1.3%/25.4MiB  agents=2.2%/29.2MiB  broker=0.3%/7.4MiB  total=3.8%/62.0MiB frames=241 overruns=0 rx_agents=10/10 min_rx=250
[E6] ros2 N=10 ...
     core=4.5%/69.6MiB  agents=3.4%/74.2MiB  total=8.0%/143.9MiB frames=241 overruns=0 rx_agents=10/10 min_rx=250
[E6] gazebo N=10 ...
     gz_sim=47.2%/146.7MiB  total=47.2%/146.7MiB RTF=0.999 odom_models=10/10
[E6] mission_dt N=50 ...
     core=6.0%/26.3MiB  agents=12.1%/49.7MiB  broker=1.3%/7.4MiB  total=19.5%/83.4MiB frames=240 overruns=0 rx_agents=50/50 min_rx=250
[E6] ros2 N=50 ...
     core=18.8%/75.3MiB  agents=13.5%/97.1MiB  total=32.2%/172.4MiB frames=240 overruns=0 rx_agents=50/50 min_rx=250
[E6] gazebo N=50 ...
     gz_sim=97.2%/263.1MiB  total=97.2%/263.1MiB RTF=0.751 odom_models=50/50
[E6] mission_dt N=100 ...
     core=11.6%/27.4MiB  agents=21.4%/75.2MiB  broker=2.4%/7.6MiB  total=35.4%/110.2MiB frames=240 overruns=0 rx_agents=100/100 min_rx=250
[E6] ros2 N=100 ...
     core=28.4%/82.5MiB  agents=22.3%/125.3MiB  total=50.8%/207.8MiB frames=240 overruns=0 rx_agents=100/100 min_rx=250
[E6] gazebo N=100 ...
     gz_sim=97.2%/409.7MiB  total=97.2%/409.7MiB RTF=0.325 odom_models=100/100
done
== E6 repetition 4/5 (2026-09-29T17:03:42-03:00) ==
[E6] mission_dt N=10 ...
     core=1.5%/25.4MiB  agents=2.7%/29.2MiB  broker=0.3%/7.4MiB  total=4.5%/62.0MiB frames=240 overruns=0 rx_agents=10/10 min_rx=250
[E6] ros2 N=10 ...
     core=4.0%/69.6MiB  agents=3.4%/74.2MiB  total=7.4%/143.9MiB frames=240 overruns=0 rx_agents=10/10 min_rx=250
[E6] gazebo N=10 ...
     gz_sim=46.8%/146.5MiB  total=46.8%/146.5MiB RTF=0.999 odom_models=10/10
[E6] mission_dt N=50 ...
     core=6.0%/26.3MiB  agents=11.6%/49.6MiB  broker=1.3%/7.4MiB  total=19.0%/83.4MiB frames=240 overruns=0 rx_agents=50/50 min_rx=250
[E6] ros2 N=50 ...
     core=18.9%/75.4MiB  agents=13.1%/97.2MiB  total=31.9%/172.6MiB frames=240 overruns=0 rx_agents=50/50 min_rx=250
[E6] gazebo N=50 ...
     gz_sim=97.1%/263.1MiB  total=97.1%/263.1MiB RTF=0.741 odom_models=50/50
[E6] mission_dt N=100 ...
     core=11.4%/27.3MiB  agents=20.7%/75.1MiB  broker=2.4%/7.6MiB  total=34.5%/109.9MiB frames=240 overruns=0 rx_agents=100/100 min_rx=250
[E6] ros2 N=100 ...
     core=26.9%/82.5MiB  agents=22.6%/125.3MiB  total=49.4%/207.9MiB frames=240 overruns=0 rx_agents=100/100 min_rx=250
[E6] gazebo N=100 ...
     gz_sim=97.2%/409.2MiB  total=97.2%/409.2MiB RTF=0.334 odom_models=100/100
done
== E6 repetition 5/5 (2026-09-29T17:10:22-03:00) ==
[E6] mission_dt N=10 ...
     core=1.3%/25.4MiB  agents=2.5%/29.1MiB  broker=0.3%/7.4MiB  total=4.2%/61.9MiB frames=240 overruns=0 rx_agents=10/10 min_rx=250
[E6] ros2 N=10 ...
     core=3.7%/69.5MiB  agents=3.4%/74.2MiB  total=7.1%/143.8MiB frames=241 overruns=0 rx_agents=10/10 min_rx=250
[E6] gazebo N=10 ...
     gz_sim=46.9%/146.6MiB  total=46.9%/146.6MiB RTF=0.999 odom_models=10/10
[E6] mission_dt N=50 ...
     core=5.6%/26.3MiB  agents=11.0%/49.6MiB  broker=1.2%/7.4MiB  total=17.8%/83.3MiB frames=240 overruns=0 rx_agents=50/50 min_rx=250
[E6] ros2 N=50 ...
     core=16.7%/75.2MiB  agents=13.8%/97.0MiB  total=30.5%/172.2MiB frames=241 overruns=0 rx_agents=50/50 min_rx=250
[E6] gazebo N=50 ...
     gz_sim=97.3%/263.4MiB  total=97.3%/263.4MiB RTF=0.760 odom_models=50/50
[E6] mission_dt N=100 ...
     core=10.7%/27.5MiB  agents=18.9%/75.4MiB  broker=2.1%/7.6MiB  total=31.7%/110.5MiB frames=240 overruns=0 rx_agents=100/100 min_rx=250
[E6] ros2 N=100 ...
     core=26.6%/82.2MiB  agents=22.8%/125.3MiB  total=49.4%/207.6MiB frames=241 overruns=0 rx_agents=100/100 min_rx=250
[E6] gazebo N=100 ...
     gz_sim=97.2%/409.7MiB  total=97.2%/409.7MiB RTF=0.330 odom_models=100/100
done
== all done (2026-09-29T17:17:02-03:00) ==
