cleared 0 retained topic(s)
== rep 1 12:34:57
[E1] N=1 ...
     frames=240 overruns=0 frame_p99=0.47ms jitter_p99=0.24ms core_cpu=0.4% tele_p99=0.71ms stale=0 dup=10
[E1] N=2 ...
     frames=240 overruns=0 frame_p99=0.48ms jitter_p99=0.29ms core_cpu=0.6% tele_p99=1.06ms stale=0 dup=20
[E1] N=5 ...
     frames=240 overruns=0 frame_p99=0.72ms jitter_p99=0.23ms core_cpu=0.9% tele_p99=1.22ms stale=0 dup=48
[E1] N=10 ...
     frames=240 overruns=0 frame_p99=0.94ms jitter_p99=0.26ms core_cpu=1.4% tele_p99=2.30ms stale=0 dup=91
[E1] N=25 ...
     frames=240 overruns=0 frame_p99=4.98ms jitter_p99=0.57ms core_cpu=3.2% tele_p99=2.90ms stale=0 dup=243
[E1] N=50 ...
     frames=240 overruns=0 frame_p99=11.16ms jitter_p99=2.06ms core_cpu=5.4% tele_p99=8.36ms stale=0 dup=460
[E1] N=75 ...
     frames=240 overruns=0 frame_p99=19.02ms jitter_p99=0.98ms core_cpu=8.5% tele_p99=12.34ms stale=4 dup=736
[E1] N=100 ...
     frames=240 overruns=0 frame_p99=25.66ms jitter_p99=1.22ms core_cpu=11.4% tele_p99=21.08ms stale=49 dup=1027
[E2] regulator=ON ...
     uplink=46.4 KiB/s (84 msg/s) tele_p99=2.05ms dup=97
[E2] regulator=OFF ...
     uplink=277.5 KiB/s (500 msg/s) tele_p99=1.81ms dup=12543
done
[E3] N=10 ...
     events=962 lat p50=60ms p95=115ms p99=120ms max=121ms | frame_p99=0.86ms overruns=0
[E3] N=25 ...
     events=4148 lat p50=63ms p95=117ms p99=123ms max=134ms | frame_p99=4.71ms overruns=0
[E3] N=50 ...
     events=13485 lat p50=66ms p95=122ms p99=129ms max=288ms | frame_p99=8.10ms overruns=0
done
[E4] loss=0% regulator=ON ...
     pos RMSE=0.62 m  p99=1.47 m  max(stale)=0.00 m | hdg RMSE=0.6 deg | stale=0.0%
[E4] loss=5% regulator=ON ...
     pos RMSE=0.63 m  p99=1.53 m  max(stale)=2.34 m | hdg RMSE=0.8 deg | stale=5.3%
[E4] loss=10% regulator=ON ...
     pos RMSE=0.62 m  p99=1.47 m  max(stale)=1.67 m | hdg RMSE=1.0 deg | stale=8.6%
done
[E4] loss=0% regulator=OFF ...
     pos RMSE=0.18 m  p99=0.41 m  max(stale)=0.00 m | hdg RMSE=0.3 deg | stale=0.0%
[E4] loss=5% regulator=OFF ...
     pos RMSE=0.18 m  p99=0.45 m  max(stale)=0.00 m | hdg RMSE=0.3 deg | stale=0.0%
[E4] loss=10% regulator=OFF ...
     pos RMSE=0.19 m  p99=0.50 m  max(stale)=0.00 m | hdg RMSE=0.3 deg | stale=0.0%
done
[E5] N=0 ...
     cpu=0.1% of one core  peak RSS=22.6 MiB overruns=0
[E5] N=10 ...
     cpu=1.4% of one core  peak RSS=23.1 MiB overruns=0
[E5] N=50 ...
     cpu=5.6% of one core  peak RSS=23.8 MiB overruns=0
[E5] N=100 ...
     cpu=12.0% of one core  peak RSS=24.7 MiB overruns=0
done
== rep 2 12:49:15
[E1] N=1 ...
     frames=240 overruns=0 frame_p99=0.31ms jitter_p99=0.36ms core_cpu=0.4% tele_p99=0.71ms stale=1 dup=11
[E1] N=2 ...
     frames=240 overruns=0 frame_p99=0.55ms jitter_p99=0.37ms core_cpu=0.6% tele_p99=0.96ms stale=0 dup=20
[E1] N=5 ...
     frames=240 overruns=0 frame_p99=0.88ms jitter_p99=0.35ms core_cpu=0.9% tele_p99=4.83ms stale=1 dup=49
[E1] N=10 ...
     frames=240 overruns=0 frame_p99=0.84ms jitter_p99=0.51ms core_cpu=1.3% tele_p99=2.27ms stale=0 dup=91
[E1] N=25 ...
     frames=240 overruns=0 frame_p99=4.88ms jitter_p99=0.50ms core_cpu=2.8% tele_p99=4.62ms stale=0 dup=232
[E1] N=50 ...
     frames=240 overruns=0 frame_p99=12.49ms jitter_p99=1.05ms core_cpu=5.4% tele_p99=7.76ms stale=11 dup=494
[E1] N=75 ...
     frames=240 overruns=0 frame_p99=18.36ms jitter_p99=1.44ms core_cpu=8.3% tele_p99=15.96ms stale=15 dup=744
[E1] N=100 ...
     frames=240 overruns=0 frame_p99=26.16ms jitter_p99=1.65ms core_cpu=11.4% tele_p99=19.57ms stale=35 dup=1022
[E2] regulator=ON ...
     uplink=46.4 KiB/s (84 msg/s) tele_p99=2.21ms dup=98
[E2] regulator=OFF ...
     uplink=277.5 KiB/s (500 msg/s) tele_p99=1.87ms dup=12547
done
[E3] N=10 ...
     events=893 lat p50=60ms p95=114ms p99=120ms max=121ms | frame_p99=1.49ms overruns=0
[E3] N=25 ...
     events=3999 lat p50=63ms p95=118ms p99=123ms max=129ms | frame_p99=5.45ms overruns=0
[E3] N=50 ...
     events=13186 lat p50=65ms p95=126ms p99=131ms max=141ms | frame_p99=12.55ms overruns=0
done
[E4] loss=0% regulator=ON ...
     pos RMSE=0.62 m  p99=1.50 m  max(stale)=0.00 m | hdg RMSE=0.6 deg | stale=0.0%
[E4] loss=5% regulator=ON ...
     pos RMSE=0.62 m  p99=1.51 m  max(stale)=2.34 m | hdg RMSE=0.5 deg | stale=4.8%
[E4] loss=10% regulator=ON ...
     pos RMSE=0.65 m  p99=1.54 m  max(stale)=3.34 m | hdg RMSE=1.1 deg | stale=10.5%
done
[E4] loss=0% regulator=OFF ...
     pos RMSE=0.19 m  p99=0.42 m  max(stale)=0.00 m | hdg RMSE=0.3 deg | stale=0.0%
[E4] loss=5% regulator=OFF ...
     pos RMSE=0.18 m  p99=0.45 m  max(stale)=0.00 m | hdg RMSE=0.3 deg | stale=0.0%
[E4] loss=10% regulator=OFF ...
     pos RMSE=0.19 m  p99=0.49 m  max(stale)=0.00 m | hdg RMSE=0.3 deg | stale=0.0%
done
[E5] N=0 ...
     cpu=0.1% of one core  peak RSS=22.6 MiB overruns=0
[E5] N=10 ...
     cpu=1.5% of one core  peak RSS=23.1 MiB overruns=0
[E5] N=50 ...
     cpu=5.8% of one core  peak RSS=23.8 MiB overruns=0
[E5] N=100 ...
     cpu=12.0% of one core  peak RSS=24.8 MiB overruns=0
done
== rep 3 13:03:32
[E1] N=1 ...
     frames=240 overruns=0 frame_p99=0.35ms jitter_p99=0.33ms core_cpu=0.4% tele_p99=0.98ms stale=0 dup=10
[E1] N=2 ...
     frames=240 overruns=0 frame_p99=0.49ms jitter_p99=0.27ms core_cpu=0.6% tele_p99=1.13ms stale=0 dup=19
[E1] N=5 ...
     frames=240 overruns=0 frame_p99=0.62ms jitter_p99=0.43ms core_cpu=0.9% tele_p99=1.45ms stale=5 dup=53
[E1] N=10 ...
     frames=240 overruns=0 frame_p99=1.02ms jitter_p99=0.59ms core_cpu=1.4% tele_p99=2.34ms stale=0 dup=94
[E1] N=25 ...
     frames=240 overruns=0 frame_p99=4.90ms jitter_p99=0.33ms core_cpu=3.2% tele_p99=2.59ms stale=0 dup=242
[E1] N=50 ...
     frames=240 overruns=0 frame_p99=9.61ms jitter_p99=1.37ms core_cpu=5.6% tele_p99=7.46ms stale=0 dup=480
[E1] N=75 ...
     frames=240 overruns=0 frame_p99=19.99ms jitter_p99=0.47ms core_cpu=9.0% tele_p99=16.58ms stale=3 dup=746
[E1] N=100 ...
     frames=240 overruns=0 frame_p99=31.96ms jitter_p99=1.18ms core_cpu=12.5% tele_p99=23.96ms stale=5 dup=1003
[E2] regulator=ON ...
     uplink=46.3 KiB/s (84 msg/s) tele_p99=2.03ms dup=98
[E2] regulator=OFF ...
     uplink=277.7 KiB/s (500 msg/s) tele_p99=2.09ms dup=12541
done
[E3] N=10 ...
     events=815 lat p50=58ms p95=114ms p99=119ms max=120ms | frame_p99=0.90ms overruns=0
[E3] N=25 ...
     events=4083 lat p50=62ms p95=117ms p99=121ms max=134ms | frame_p99=4.38ms overruns=0
[E3] N=50 ...
     events=13438 lat p50=65ms p95=125ms p99=131ms max=150ms | frame_p99=9.96ms overruns=0
done
[E4] loss=0% regulator=ON ...
     pos RMSE=0.62 m  p99=1.48 m  max(stale)=0.00 m | hdg RMSE=0.7 deg | stale=0.0%
[E4] loss=5% regulator=ON ...
     pos RMSE=0.62 m  p99=1.50 m  max(stale)=1.80 m | hdg RMSE=0.6 deg | stale=4.3%
[E4] loss=10% regulator=ON ...
     pos RMSE=0.62 m  p99=1.50 m  max(stale)=1.92 m | hdg RMSE=0.8 deg | stale=8.9%
done
[E4] loss=0% regulator=OFF ...
     pos RMSE=0.18 m  p99=0.41 m  max(stale)=0.00 m | hdg RMSE=0.3 deg | stale=0.0%
[E4] loss=5% regulator=OFF ...
     pos RMSE=0.19 m  p99=0.43 m  max(stale)=0.00 m | hdg RMSE=0.3 deg | stale=0.0%
[E4] loss=10% regulator=OFF ...
     pos RMSE=0.20 m  p99=0.51 m  max(stale)=0.00 m | hdg RMSE=0.3 deg | stale=0.0%
done
[E5] N=0 ...
     cpu=0.1% of one core  peak RSS=22.7 MiB overruns=0
[E5] N=10 ...
     cpu=1.5% of one core  peak RSS=23.0 MiB overruns=0
[E5] N=50 ...
     cpu=6.0% of one core  peak RSS=23.9 MiB overruns=0
[E5] N=100 ...
     cpu=12.4% of one core  peak RSS=24.8 MiB overruns=0
done
== rep 4 13:17:50
[E1] N=1 ...
     frames=240 overruns=0 frame_p99=0.35ms jitter_p99=1.27ms core_cpu=0.4% tele_p99=0.84ms stale=0 dup=10
[E1] N=2 ...
     frames=240 overruns=0 frame_p99=0.57ms jitter_p99=0.32ms core_cpu=0.6% tele_p99=0.83ms stale=0 dup=20
[E1] N=5 ...
     frames=240 overruns=0 frame_p99=0.80ms jitter_p99=1.38ms core_cpu=0.9% tele_p99=1.10ms stale=0 dup=46
[E1] N=10 ...
     frames=240 overruns=0 frame_p99=1.14ms jitter_p99=0.21ms core_cpu=1.4% tele_p99=1.90ms stale=0 dup=94
[E1] N=25 ...
     frames=240 overruns=0 frame_p99=2.01ms jitter_p99=0.59ms core_cpu=3.0% tele_p99=3.57ms stale=0 dup=240
[E1] N=50 ...
     frames=240 overruns=0 frame_p99=9.08ms jitter_p99=1.01ms core_cpu=5.7% tele_p99=7.93ms stale=2 dup=487
[E1] N=75 ...
     frames=240 overruns=0 frame_p99=17.46ms jitter_p99=0.69ms core_cpu=9.3% tele_p99=8.18ms stale=0 dup=750
[E1] N=100 ...
     frames=240 overruns=0 frame_p99=34.75ms jitter_p99=1.22ms core_cpu=12.0% tele_p99=28.17ms stale=137 dup=1124
[E2] regulator=ON ...
     uplink=46.4 KiB/s (84 msg/s) tele_p99=1.98ms dup=93
[E2] regulator=OFF ...
     uplink=277.5 KiB/s (500 msg/s) tele_p99=1.39ms dup=12548
done
[E3] N=10 ...
     events=1012 lat p50=64ms p95=115ms p99=120ms max=121ms | frame_p99=0.94ms overruns=0
[E3] N=25 ...
     events=4158 lat p50=63ms p95=119ms p99=123ms max=133ms | frame_p99=5.57ms overruns=0
[E3] N=50 ...
     events=13627 lat p50=66ms p95=125ms p99=132ms max=140ms | frame_p99=11.88ms overruns=0
done
[E4] loss=0% regulator=ON ...
     pos RMSE=0.62 m  p99=1.50 m  max(stale)=0.00 m | hdg RMSE=0.7 deg | stale=0.0%
[E4] loss=5% regulator=ON ...
     pos RMSE=0.62 m  p99=1.49 m  max(stale)=1.83 m | hdg RMSE=0.9 deg | stale=4.9%
[E4] loss=10% regulator=ON ...
     pos RMSE=0.63 m  p99=1.53 m  max(stale)=1.99 m | hdg RMSE=0.8 deg | stale=9.3%
done
[E4] loss=0% regulator=OFF ...
     pos RMSE=0.18 m  p99=0.39 m  max(stale)=0.00 m | hdg RMSE=0.3 deg | stale=0.0%
[E4] loss=5% regulator=OFF ...
     pos RMSE=0.19 m  p99=0.44 m  max(stale)=0.00 m | hdg RMSE=0.3 deg | stale=0.0%
[E4] loss=10% regulator=OFF ...
     pos RMSE=0.21 m  p99=0.54 m  max(stale)=0.00 m | hdg RMSE=0.4 deg | stale=0.0%
done
[E5] N=0 ...
     cpu=0.1% of one core  peak RSS=22.6 MiB overruns=0
[E5] N=10 ...
     cpu=1.6% of one core  peak RSS=23.1 MiB overruns=0
[E5] N=50 ...
     cpu=6.0% of one core  peak RSS=23.8 MiB overruns=0
[E5] N=100 ...
     cpu=12.1% of one core  peak RSS=24.8 MiB overruns=0
done
== rep 5 13:32:08
[E1] N=1 ...
     frames=240 overruns=0 frame_p99=0.31ms jitter_p99=0.24ms core_cpu=0.4% tele_p99=0.72ms stale=0 dup=10
[E1] N=2 ...
     frames=240 overruns=0 frame_p99=0.42ms jitter_p99=0.33ms core_cpu=0.5% tele_p99=1.00ms stale=0 dup=20
[E1] N=5 ...
     frames=240 overruns=0 frame_p99=0.70ms jitter_p99=0.30ms core_cpu=1.0% tele_p99=1.26ms stale=0 dup=48
[E1] N=10 ...
     frames=240 overruns=0 frame_p99=1.01ms jitter_p99=0.60ms core_cpu=1.3% tele_p99=2.38ms stale=0 dup=98
[E1] N=25 ...
     frames=240 overruns=0 frame_p99=5.01ms jitter_p99=0.74ms core_cpu=3.1% tele_p99=4.02ms stale=0 dup=243
[E1] N=50 ...
     frames=240 overruns=0 frame_p99=9.46ms jitter_p99=0.74ms core_cpu=5.5% tele_p99=6.23ms stale=0 dup=491
[E1] N=75 ...
     frames=240 overruns=0 frame_p99=17.94ms jitter_p99=0.77ms core_cpu=8.7% tele_p99=13.24ms stale=0 dup=737
[E1] N=100 ...
     frames=240 overruns=0 frame_p99=31.35ms jitter_p99=1.37ms core_cpu=12.0% tele_p99=23.74ms stale=25 dup=996
[E2] regulator=ON ...
     uplink=46.4 KiB/s (84 msg/s) tele_p99=1.90ms dup=90
[E2] regulator=OFF ...
     uplink=277.6 KiB/s (500 msg/s) tele_p99=1.20ms dup=12545
done
[E3] N=10 ...
     events=1004 lat p50=64ms p95=115ms p99=121ms max=122ms | frame_p99=0.88ms overruns=0
[E3] N=25 ...
     events=4306 lat p50=64ms p95=118ms p99=123ms max=132ms | frame_p99=5.51ms overruns=0
[E3] N=50 ...
     events=13614 lat p50=64ms p95=123ms p99=129ms max=154ms | frame_p99=10.09ms overruns=0
done
[E4] loss=0% regulator=ON ...
     pos RMSE=0.62 m  p99=1.48 m  max(stale)=0.00 m | hdg RMSE=0.5 deg | stale=0.0%
[E4] loss=5% regulator=ON ...
     pos RMSE=0.62 m  p99=1.48 m  max(stale)=1.73 m | hdg RMSE=0.7 deg | stale=4.1%
[E4] loss=10% regulator=ON ...
     pos RMSE=0.64 m  p99=1.53 m  max(stale)=3.30 m | hdg RMSE=0.7 deg | stale=9.7%
done
[E4] loss=0% regulator=OFF ...
     pos RMSE=0.18 m  p99=0.40 m  max(stale)=0.00 m | hdg RMSE=0.3 deg | stale=0.0%
[E4] loss=5% regulator=OFF ...
     pos RMSE=0.19 m  p99=0.46 m  max(stale)=0.00 m | hdg RMSE=0.3 deg | stale=0.0%
[E4] loss=10% regulator=OFF ...
     pos RMSE=0.19 m  p99=0.50 m  max(stale)=0.00 m | hdg RMSE=0.3 deg | stale=0.0%
done
[E5] N=0 ...
     cpu=0.1% of one core  peak RSS=22.6 MiB overruns=0
[E5] N=10 ...
     cpu=1.4% of one core  peak RSS=23.2 MiB overruns=0
[E5] N=50 ...
     cpu=5.4% of one core  peak RSS=23.9 MiB overruns=0
[E5] N=100 ...
     cpu=11.8% of one core  peak RSS=24.8 MiB overruns=0
done
ALLDONE
