cleared 0 retained topic(s)
== rep 1 14:33:18
[E1] N=1 ...
     frames=240 overruns=0 frame_p99=0.25ms tele_p99=0.73ms stale=1 dup=10
[E1] N=2 ...
     frames=240 overruns=0 frame_p99=0.34ms tele_p99=42.15ms stale=10 dup=28
[E1] N=5 ...
     frames=240 overruns=0 frame_p99=0.72ms tele_p99=44.52ms stale=25 dup=70
[E1] N=10 ...
     frames=240 overruns=0 frame_p99=1.22ms tele_p99=44.10ms stale=80 dup=170
[E1] N=25 ...
     frames=240 overruns=0 frame_p99=3.31ms tele_p99=46.40ms stale=121 dup=346
[E1] N=50 ...
     frames=240 overruns=0 frame_p99=3.92ms tele_p99=49.72ms stale=248 dup=705
[E1] N=75 ...
     frames=240 overruns=0 frame_p99=13.23ms tele_p99=58.49ms stale=775 dup=1450
[E1] N=100 ...
     frames=240 overruns=0 frame_p99=17.98ms tele_p99=59.21ms stale=601 dup=1562
[E2] regulator=ON ...
     uplink=49.4 KiB/s (89 msg/s) tele_p99=44.62ms dup=151
[E2] regulator=OFF ...
     uplink=296.0 KiB/s (533 msg/s) tele_p99=47.74ms dup=12532
done
[E3] N=10 ...
     events=955 lat p50=119ms p95=197ms p99=206ms max=207ms | frame_p99=1.56ms overruns=0
[E3] N=25 ...
     events=4261 lat p50=118ms p95=196ms p99=203ms max=211ms | frame_p99=5.50ms overruns=0
[E3] N=50 ...
     events=13459 lat p50=118ms p95=200ms p99=208ms max=214ms | frame_p99=10.07ms overruns=0
done
[E4] loss=0% ...
     pos RMSE=0.87 m  p99=1.92 m  max(stale)=1.93 m | hdg RMSE=1.3 deg | stale=2.9%
[E4] loss=5% ...
     pos RMSE=0.91 m  p99=1.98 m  max(stale)=4.86 m | hdg RMSE=1.2 deg | stale=8.6%
[E4] loss=10% ...
     pos RMSE=0.93 m  p99=2.05 m  max(stale)=3.19 m | hdg RMSE=1.7 deg | stale=11.7%
done
== rep 2 14:43:26
[E1] N=1 ...
     frames=240 overruns=0 frame_p99=0.29ms tele_p99=0.64ms stale=1 dup=10
[E1] N=2 ...
     frames=240 overruns=0 frame_p99=0.38ms tele_p99=43.94ms stale=3 dup=21
[E1] N=5 ...
     frames=240 overruns=0 frame_p99=0.63ms tele_p99=45.52ms stale=38 dup=83
[E1] N=10 ...
     frames=240 overruns=0 frame_p99=0.61ms tele_p99=46.61ms stale=77 dup=167
[E1] N=25 ...
     frames=240 overruns=0 frame_p99=2.58ms tele_p99=47.70ms stale=190 dup=415
[E1] N=50 ...
     frames=240 overruns=0 frame_p99=9.44ms tele_p99=50.30ms stale=333 dup=801
[E1] N=75 ...
     frames=240 overruns=0 frame_p99=13.16ms tele_p99=52.64ms stale=444 dup=1120
[E1] N=100 ...
     frames=240 overruns=0 frame_p99=17.13ms tele_p99=52.90ms stale=680 dup=1581
[E2] regulator=ON ...
     uplink=49.4 KiB/s (89 msg/s) tele_p99=45.99ms dup=175
[E2] regulator=OFF ...
     uplink=296.2 KiB/s (533 msg/s) tele_p99=47.56ms dup=12547
done
[E3] N=10 ...
     events=901 lat p50=120ms p95=198ms p99=203ms max=205ms | frame_p99=0.73ms overruns=0
[E3] N=25 ...
     events=4289 lat p50=118ms p95=197ms p99=204ms max=208ms | frame_p99=4.16ms overruns=0
[E3] N=50 ...
     events=13179 lat p50=119ms p95=201ms p99=204ms max=208ms | frame_p99=9.47ms overruns=0
done
[E4] loss=0% ...
     pos RMSE=0.90 m  p99=1.98 m  max(stale)=1.63 m | hdg RMSE=1.2 deg | stale=2.8%
[E4] loss=5% ...
     pos RMSE=0.91 m  p99=2.02 m  max(stale)=2.80 m | hdg RMSE=1.7 deg | stale=7.9%
[E4] loss=10% ...
     pos RMSE=0.89 m  p99=1.99 m  max(stale)=4.90 m | hdg RMSE=1.4 deg | stale=12.9%
done
== rep 3 14:53:33
[E1] N=1 ...
     frames=240 overruns=0 frame_p99=0.25ms tele_p99=0.67ms stale=1 dup=10
[E1] N=2 ...
     frames=240 overruns=0 frame_p99=0.34ms tele_p99=42.61ms stale=3 dup=21
[E1] N=5 ...
     frames=240 overruns=0 frame_p99=0.60ms tele_p99=44.22ms stale=48 dup=93
[E1] N=10 ...
     frames=240 overruns=0 frame_p99=1.23ms tele_p99=44.54ms stale=63 dup=153
[E1] N=25 ...
     frames=240 overruns=0 frame_p99=2.41ms tele_p99=46.87ms stale=162 dup=387
[E1] N=50 ...
     frames=240 overruns=0 frame_p99=4.74ms tele_p99=51.01ms stale=248 dup=698
[E1] N=75 ...
     frames=240 overruns=0 frame_p99=14.63ms tele_p99=52.78ms stale=607 dup=1284
[E1] N=100 ...
     frames=240 overruns=0 frame_p99=20.69ms tele_p99=56.33ms stale=450 dup=1351
[E2] regulator=ON ...
     uplink=49.3 KiB/s (89 msg/s) tele_p99=45.44ms dup=181
[E2] regulator=OFF ...
     uplink=296.0 KiB/s (533 msg/s) tele_p99=44.98ms dup=12541
done
[E3] N=10 ...
     events=1013 lat p50=119ms p95=194ms p99=202ms max=230ms | frame_p99=1.05ms overruns=0
[E3] N=25 ...
     events=4134 lat p50=119ms p95=196ms p99=204ms max=210ms | frame_p99=3.14ms overruns=0
[E3] N=50 ...
     events=13078 lat p50=118ms p95=202ms p99=207ms max=211ms | frame_p99=9.95ms overruns=0
done
[E4] loss=0% ...
     pos RMSE=0.87 m  p99=1.91 m  max(stale)=1.82 m | hdg RMSE=1.3 deg | stale=3.3%
[E4] loss=5% ...
     pos RMSE=0.89 m  p99=1.97 m  max(stale)=6.69 m | hdg RMSE=1.4 deg | stale=7.5%
[E4] loss=10% ...
     pos RMSE=0.93 m  p99=2.02 m  max(stale)=4.85 m | hdg RMSE=1.5 deg | stale=11.6%
done
== rep 4 15:03:40
[E1] N=1 ...
     frames=240 overruns=0 frame_p99=0.24ms tele_p99=0.67ms stale=1 dup=10
[E1] N=2 ...
     frames=240 overruns=0 frame_p99=0.51ms tele_p99=41.49ms stale=25 dup=43
[E1] N=5 ...
     frames=240 overruns=0 frame_p99=0.70ms tele_p99=44.38ms stale=63 dup=108
[E1] N=10 ...
     frames=240 overruns=0 frame_p99=1.41ms tele_p99=44.45ms stale=56 dup=146
[E1] N=25 ...
     frames=240 overruns=0 frame_p99=2.54ms tele_p99=46.46ms stale=142 dup=367
[E1] N=50 ...
     frames=240 overruns=0 frame_p99=5.60ms tele_p99=48.52ms stale=336 dup=793
[E1] N=75 ...
     frames=240 overruns=0 frame_p99=15.90ms tele_p99=53.91ms stale=494 dup=1170
[E1] N=100 ...
     frames=240 overruns=0 frame_p99=20.44ms tele_p99=58.79ms stale=435 dup=1336
[E2] regulator=ON ...
     uplink=49.3 KiB/s (89 msg/s) tele_p99=45.61ms dup=159
[E2] regulator=OFF ...
     uplink=296.0 KiB/s (533 msg/s) tele_p99=45.69ms dup=12539
done
[E3] N=10 ...
     events=1072 lat p50=118ms p95=193ms p99=198ms max=199ms | frame_p99=0.96ms overruns=0
[E3] N=25 ...
     events=4181 lat p50=118ms p95=197ms p99=203ms max=278ms | frame_p99=3.36ms overruns=0
[E3] N=50 ...
     events=13315 lat p50=118ms p95=202ms p99=205ms max=213ms | frame_p99=11.02ms overruns=0
done
[E4] loss=0% ...
     pos RMSE=0.90 m  p99=1.96 m  max(stale)=1.74 m | hdg RMSE=1.5 deg | stale=3.1%
[E4] loss=5% ...
     pos RMSE=0.92 m  p99=2.02 m  max(stale)=3.99 m | hdg RMSE=1.6 deg | stale=7.8%
[E4] loss=10% ...
     pos RMSE=0.91 m  p99=2.01 m  max(stale)=4.35 m | hdg RMSE=1.9 deg | stale=12.7%
done
== rep 5 15:13:48
[E1] N=1 ...
     frames=240 overruns=0 frame_p99=0.26ms tele_p99=0.65ms stale=1 dup=10
[E1] N=2 ...
     frames=240 overruns=0 frame_p99=0.38ms tele_p99=42.48ms stale=5 dup=23
[E1] N=5 ...
     frames=240 overruns=0 frame_p99=0.66ms tele_p99=44.22ms stale=29 dup=74
[E1] N=10 ...
     frames=240 overruns=0 frame_p99=0.91ms tele_p99=46.82ms stale=67 dup=157
[E1] N=25 ...
     frames=240 overruns=0 frame_p99=3.05ms tele_p99=46.72ms stale=206 dup=431
[E1] N=50 ...
     frames=240 overruns=0 frame_p99=10.22ms tele_p99=50.23ms stale=311 dup=777
[E1] N=75 ...
     frames=240 overruns=0 frame_p99=14.77ms tele_p99=52.26ms stale=659 dup=1335
[E1] N=100 ...
     frames=240 overruns=0 frame_p99=22.93ms tele_p99=57.09ms stale=419 dup=1387
[E2] regulator=ON ...
     uplink=49.3 KiB/s (89 msg/s) tele_p99=44.65ms dup=162
[E2] regulator=OFF ...
     uplink=296.1 KiB/s (533 msg/s) tele_p99=46.49ms dup=12549
done
[E3] N=10 ...
     events=931 lat p50=119ms p95=199ms p99=203ms max=208ms | frame_p99=0.92ms overruns=0
[E3] N=25 ...
     events=3988 lat p50=119ms p95=198ms p99=202ms max=207ms | frame_p99=3.01ms overruns=0
[E3] N=50 ...
     events=13112 lat p50=119ms p95=204ms p99=208ms max=212ms | frame_p99=12.19ms overruns=0
done
[E4] loss=0% ...
     pos RMSE=0.90 m  p99=1.99 m  max(stale)=1.83 m | hdg RMSE=1.5 deg | stale=3.4%
[E4] loss=5% ...
     pos RMSE=0.88 m  p99=1.91 m  max(stale)=4.75 m | hdg RMSE=1.3 deg | stale=7.7%
[E4] loss=10% ...
     pos RMSE=0.89 m  p99=1.98 m  max(stale)=4.99 m | hdg RMSE=1.4 deg | stale=13.2%
done
ALLDONE
